 small
 tricks
 git
 bitbucket
 mysql
 streamline
 database
 dropbox
 alt
 badge
 github
 wordpress
 visualstudio
 small
 android
 windows
 stackoverflow
 apple
 linux
 appstore
 small
 yahoo
 codepen
 full
 small
 nodejs
 hackernews
 ember
 dojo
 django
 npm
 ghost
 modernizr
 small
 pi
 blackberry
 go
 branch
 request
 merge
 compare
 commit
 cssdeck
 small
 techcrunch
 magazine
 netmagazine
 codrops
 phonegap
 drive
 multimedia
 access
 connectivity
 effects
 html5
 scala
 java
 ruby
 ubuntu
 rails
 python
 php
 markdown
 laravel
 magento
 joomla
 drupal
 chrome
 ie
 firefox
 opera
 bootstrap
 safari
 css3
 full
 sass
 grunt
 bower
 javascript
 shield
 jquery
 coffeescript
 backbone
 angular
 ui
 swift
 symfony
 badge
 less
 stylus
 trello
 atlassian
 jira
 envato
 svg
 raphael
 chart
 compass
 onedrive
 gulp
 atom
 cisco
 nancy
 jenkins
 clojure
 perl
 alt
 celluloid
 w3c
 redis
 postgresql
 webplatform
 requirejs
 opensource
 typo3
 uikit
 doctrine
 groovy
 nginx
 haskell
 zend
 gnu
 yeoman
 heroku
 server
 debian
 travis
 dotnet
 codeigniter
 badge
 yii
 composer
 badge
 krakenjs
 mozilla
 firebase
 sizzlejs
 creativecommons
 badge
 mitlicence
 senchatouch
 bugsense
 extjs
 badge
 mootools
 rough
 komodo
 coda
 bintray
 terminal
 code
 responsive
 dart
 aptana
 mailchimp
 netbeans
 dreamweaver
 brackets
 eclipse
 cloud9
 scrum
 prolog
 badge
 badge
 mongodb
 meteor
 meteorfull
 fsharp
 rust
 ionic
 sublime
 appcelerator
 asterisk
 aws
 ocean
 dlang
 docker
 erlang
 platform
 grails
 illustrator
 intellij
 materializecss
 openshift
 photoshop
 rackspace
 react
 redhat
 scriptcs
 sqllite
 vim
 smaller
 snowing
 soda
 sofa
 soup
 spermatozoon
 double
 stomach
 storm
 telescope
 thermometer
 high
 low
 close
 toilet
 tools
 tooth
 uterus
 w3c
 walking
 virus
 circle
 slash
 telegram
 shirt
 tacos
 sushi
 ruler
 tree
 cloud
 o
 ruler
 umbrella
 medicine
 microscope
 bottle
 minimize
 molecule
 cloud
 mushroom
 mustache
 mysql
 nintendo
 color
 pi
 pizza
 planet
 plant
 playstation
 poison
 popcorn
 popsicle
 pulse
 python
 circle
 square
 radioactive
 raining
 heart
 refrigerator
 restore
 ring
 ruby
 fingerprint
 floppy
 footprint
 freecodecamp
 galaxy
 galery
 glass
 drive
 play
 gps
 grav
 guitar
 gut
 halter
 hamburger
 hat
 hexagon
 heel
 hotdog
 cream
 card
 imdb
 infinity
 java
 layers
 lips
 lipstick
 liver
 lung
 brushes
 maximize
 wallet
 horse
 king
 pawn
 queen
 tower
 cheese
 chilli
 chip
 cicling
 cloud
 cockroach
 beans
 coins
 comb
 comet
 crown
 coffe
 dice
 disco
 dna
 donut
 dress
 drop
 ello
 open
 o
 equal
 bigger
 feedly
 export
 import
 wind
 atom
 bacteria
 banana
 bath
 bed
 benzene
 bigger
 biohazard
 circle
 square
 bones
 open
 o
 brain
 bread
 butterfly
 carot
 by
 cc
 nc
 eu
 jp
 nd
 remix
 sa
 share
 zero
 o
 cherry
 bishop
 xbox
 fruit
 thigh
 card
 injection
 isle
 lollipop
 card
 meat
 mountains
 orange
 peach
 pear
 glass
 music
 search
 o
 heart
 star
 o
 user
 film
 large
 th
 list
 check
 times
 plus
 minus
 off
 signal
 cog
 o
 home
 o
 o
 road
 download
 down
 up
 inbox
 o
 repeat
 refresh
 alt
 lock
 flag
 headphones
 off
 down
 up
 qrcode
 barcode
 tag
 tags
 book
 bookmark
 print
 camera
 font
 bold
 italic
 height
 width
 left
 center
 right
 justify
 list
 outdent
 indent
 camera
 o
 pencil
 marker
 adjust
 tint
 o
 o
 o
 arrows
 backward
 backward
 backward
 play
 pause
 stop
 forward
 forward
 forward
 eject
 left
 right
 circle
 circle
 circle
 circle
 circle
 circle
 crosshairs
 o
 o
 ban
 left
 right
 up
 down
 share
 expand
 compress
 plus
 minus
 asterisk
 circle
 gift
 leaf
 fire
 eye
 slash
 triangle
 plane
 calendar
 random
 comment
 magnet
 up
 down
 retweet
 cart
 folder
 open
 v
 h
 chart
 square
 square
 retro
 key
 cogs
 comments
 up
 down
 half
 o
 out
 square
 tack
 link
 in
 trophy
 square
 upload
 o
 phone
 o
 o
 square
 twitter
 facebook
 github
 unlock
 card
 rss
 o
 bullhorn
 o
 certificate
 right
 left
 up
 down
 left
 right
 up
 down
 globe
 wrench
 tasks
 filter
 briefcase
 alt
 users
 link
 cloud
 flask
 scissors
 o
 paperclip
 o
 square
 bars
 ul
 ol
 strikethrough
 underline
 table
 magic
 truck
 pinterest
 square
 square
 plus
 money
 down
 up
 left
 right
 columns
 sort
 desc
 asc
 envelope
 linkedin
 undo
 gavel
 tachometer
 o
 o
 bolt
 sitemap
 umbrella
 clipboard
 o
 exchange
 download
 upload
 md
 stethoscope
 suitcase
 bell
 coffee
 cutlery
 o
 o
 o
 ambulance
 medkit
 jet
 beer
 square
 square
 left
 right
 up
 down
 left
 right
 up
 down
 desktop
 laptop
 tablet
 mobile
 o
 left
 right
 spinner
 circle
 reply
 alt
 o
 o
 o
 o
 o
 gamepad
 o
 o
 checkered
 terminal
 code
 all
 o
 arrow
 crop
 fork
 broken
 question
 info
 exclamation
 superscript
 subscript
 eraser
 piece
 microphone
 slash
 shield
 o
 extinguisher
 rocket
 maxcdn
 left
 right
 up
 down
 html5
 css3
 anchor
 alt
 bullseye
 h
 v
 square
 circle
 ticket
 square
 o
 up
 down
 square
 square
 square
 square
 compass
 down
 up
 right
 eur
 gbp
 usd
 inr
 jpy
 rub
 krw
 btc
 file
 text
 asc
 desc
 asc
 desc
 asc
 desc
 up
 down
 square
 youtube
 xing
 square
 play
 dropbox
 overflow
 instagram
 flickr
 adn
 bitbucket
 square
 tumblr
 square
 down
 up
 left
 right
 apple
 windows
 android
 linux
 dribbble
 skype
 foursquare
 trello
 female
 male
 gratipay
 o
 o
 archive
 bug
 vk
 weibo
 renren
 pagelines
 exchange
 right
 left
 left
 o
 wheelchair
 square
 try
 o
 shuttle
 slack
 square
 wordpress
 openid
 university
 cap
 yahoo
 google
 reddit
 square
 circle
 stumbleupon
 delicious
 digg
 pp
 alt
 drupal
 joomla
 language
 fax
 building
 child
 paw
 spoon
 cube
 cubes
 behance
 square
 steam
 square
 recycle
 car
 taxi
 tree
 spotify
 deviantart
 soundcloud
 database
 o
 o
 o
 o
 o
 o
 o
 o
 o
 vine
 codepen
 jsfiddle
 ring
 notch
 rebel
 empire
 square
 git
 news
 weibo
 qq
 weixin
 plane
 o
 history
 thin
 header
 paragraph
 sliders
 alt
 square
 bomb
 o
 tty
 binoculars
 plug
 slideshare
 twitch
 yelp
 o
 wifi
 calculator
 paypal
 wallet
 visa
 mastercard
 discover
 amex
 paypal
 stripe
 slash
 o
 trash
 copyright
 at
 eyedropper
 brush
 cake
 chart
 chart
 chart
 lastfm
 square
 off
 on
 bicycle
 bus
 ioxhost
 angellist
 cc
 ils
 meanpath
 buysellads
 connectdevelop
 dashcube
 forumbee
 leanpub
 sellsy
 shirtsinbulk
 simplybuilt
 skyatlas
 plus
 down
 diamond
 ship
 secret
 motorcycle
 view
 heartbeat
 venus
 mars
 mercury
 transgender
 alt
 double
 double
 mars
 stroke
 v
 h
 neuter
 genderless
 official
 p
 whatsapp
 server
 plus
 times
 bed
 viacoin
 train
 subway
 medium
 combinator
 monster
 opencart
 expeditedssl
 full
 quarters
 half
 quarter
 empty
 pointer
 cursor
 group
 ungroup
 note
 o
 jcb
 club
 clone
 scale
 o
 start
 half
 end
 hourglass
 o
 o
 o
 o
 o
 o
 o
 trademark
 registered
 commons
 gg
 circle
 tripadvisor
 odnoklassniki
 square
 pocket
 w
 safari
 chrome
 firefox
 opera
 explorer
 television
 contao
 500px
 amazon
 o
 o
 o
 o
 industry
 pin
 signs
 o
 map
 commenting
 o
 houzz
 vimeo
 tie
 fonticons
 alien
 edge
 alt
 codiepie
 modx
 awesome
 usb
 hunt
 mixcloud
 scribd
 circle
 o
 circle
 o
 bag
 basket
 hashtag
 bluetooth
 b
 percent
 gitlab
 wpbeginner
 wpforms
 envira
 access
 alt
 o
 blind
 description
 phone
 braille
 systems
 interpreting
 deaf
 glide
 g
 language
 vision
 viadeo
 square
 snapchat
 ghost
 square
 piper
 order
 yoast
 themeisle
 official
 awesome
 o
 open
 o
 linode
 book
 o
 card
 o
 circle
 o
 o
 badge
 card
 o
 quora
 camp
 telegram
 full
 quarters
 half
 quarter
 empty
 shower
 bath
 podcast
 maximize
 minimize
 restore
 close
 o
 bandcamp
 grav
 etsy
 imdb
 ravelry
 eercast
 microchip
 o
 superpowers
 wpexplorer
 meetup
⏻ power
⏼ power
⏽ on
⏾ mode
⭘ off
 alpine
 aosc
 apple
 archlinux
 centos
 coreos
 debian
 devuan
 docker
 elementary
 fedora
 inverse
 freebsd
 gentoo
 linuxmint
 inverse
 mageia
 mandriva
 manjaro
 nixos
 opensuse
 pi
 redhat
 sabayon
 slackware
 inverse
 tux
 ubuntu
 inverse
 square
 point
 network
 account
 alert
 box
 outline
 check
 circle
 convert
 key
 location
 minus
 multiple
 outline
 plus
 network
 off
 outline
 plus
 remove
 search
 star
 orbit
 switch
 adjust
 conditioner
 airballoon
 airplane
 off
 airplay
 alarm
 check
 multiple
 off
 plus
 album
 alert
 box
 circle
 octagon
 outline
 alpha
 alphabetical
 amazon
 clouddrive
 ambulance
 amplifier
 anchor
 android
 bridge
 studio
 apple
 finder
 ios
 mobileme
 safari
 awesome
 apps
 archive
 forward
 front
 backward
 back
 all
 left
 right
 all
 down
 thick
 circle
 outline
 outline
 circle
 outline
 all
 left
 thick
 circle
 outline
 outline
 circle
 outline
 right
 thick
 circle
 outline
 outline
 circle
 outline
 left
 right
 up
 thick
 circle
 outline
 outline
 circle
 outline
 assistant
 at
 attachment
 audiobook
 fix
 upload
 autorenew
 timer
 baby
 backburger
 backspace
 restore
 bank
 barcode
 scan
 barley
 barrel
 basecamp
 basket
 fill
 unfill
 battery
 10
 20
 30
 40
 50
 60
 70
 80
 90
 alert
 charging
 100
 20
 30
 40
 60
 80
 90
 minus
 negative
 outline
 plus
 positive
 unknown
 beach
 flask
 empty
 outline
 outline
 beats
 beer
 behance
 bell
 off
 outline
 plus
 ring
 outline
 sleep
 beta
 bible
 bike
 bing
 binoculars
 bio
 biohazard
 bitbucket
 mesa
 blackberry
 blender
 blinds
 helper
 blogger
 bluetooth
 audio
 connect
 off
 settings
 transfer
 blur
 linear
 off
 radial
 bone
 book
 multiple
 variant
 open
 variant
 variant
 bookmark
 check
 music
 outline
 outline
 plus
 remove
 all
 bottom
 color
 horizontal
 inside
 left
 none
 outside
 right
 style
 top
 vertical
 bowling
 box
 cutter
 briefcase
 check
 download
 upload
 1
 2
 3
 4
 5
 6
 7
 auto
 broom
 brush
 bug
 board
 bullhorn
 bus
 cached
 cake
 layered
 variant
 calculator
 calendar
 blank
 check
 clock
 multiple
 check
 plus
 remove
 text
 today
 made
 merge
 missed
 received
 split
 camcorder
 box
 off
 off
 camera
 enhance
 front
 variant
 iris
 mode
 rear
 variant
 switch
 timer
 candycane
 car
 battery
 connected
 wash
 carrot
 cart
 outline
 plus
 alt
 cash
 100
 multiple
 usd
 cast
 connected
 castle
 cat
 cellphone
 android
 basic
 dock
 iphone
 link
 off
 settings
 certificate
 school
 arc
 areaspline
 bar
 histogram
 line
 pie
 check
 all
 blank
 circle
 outline
 outline
 marked
 circle
 outline
 outline
 blank
 outline
 marked
 outline
 checkerboard
 weapon
 down
 left
 right
 up
 down
 left
 right
 up
 church
 webex
 city
 clipboard
 account
 alert
 down
 left
 check
 outline
 text
 clippy
 clock
 end
 fast
 in
 out
 start
 close
 box
 outline
 circle
 outline
 network
 octagon
 outline
 caption
 cloud
 check
 circle
 download
 outline
 outline
 print
 outline
 upload
 array
 braces
 brackets
 equal
 than
 equal
 than
 equal
 equal
 variant
 parentheses
 string
 tags
 codepen
 coffee
 go
 coin
 helper
 comment
 account
 outline
 alert
 outline
 check
 outline
 outline
 outline
 outline
 processing
 outline
 outline
 outline
 text
 outline
 compare
 compass
 outline
 console
 mail
 copy
 cut
 duplicate
 paste
 save
 all
 contrast
 box
 circle
 cookie
 counter
 cow
 card
 multiple
 scan
 crop
 free
 landscape
 portrait
 square
 crosshairs
 gps
 crown
 cube
 outline
 send
 unfolded
 cup
 water
 btc
 eur
 gbp
 inr
 ngn
 rub
 try
 usd
 default
 outline
 move
 pointer
 database
 minus
 plus
 into
 out
 over
 decrease
 increase
 delete
 variant
 delta
 deskphone
 mac
 tower
 details
 deviantart
 diamond
 creation
 1
 2
 3
 4
 5
 6
 directions
 alert
 disqus
 outline
 division
 box
 dns
 domain
 horizontal
 vertical
 download
 drag
 horizontal
 vertical
 drawing
 box
 dribbble
 box
 drone
 dropbox
 drupal
 duck
 dumbbell
 earth
 off
 edge
 eject
 decline
 rise
 elevator
 email
 open
 outline
 secure
 emoticon
 cool
 devil
 happy
 neutral
 poop
 sad
 tongue
 engine
 outline
 equal
 box
 eraser
 escalator
 ethernet
 cable
 off
 etsy
 evernote
 exclamation
 app
 export
 eye
 off
 eyedropper
 variant
 facebook
 box
 messenger
 factory
 fan
 forward
 fax
 ferry
 file
 chart
 check
 cloud
 delimited
 document
 box
 excel
 box
 export
 find
 image
 import
 lock
 multiple
 music
 outline
 pdf
 box
 powerpoint
 box
 box
 send
 video
 word
 box
 xml
 film
 filmstrip
 off
 filter
 outline
 remove
 outline
 variant
 fingerprint
 fire
 firefox
 fish
 flag
 checkered
 outline
 outline
 triangle
 variant
 flash
 auto
 off
 flashlight
 off
 flattr
 back
 front
 floppy
 flower
 folder
 account
 download
 drive
 image
 lock
 open
 move
 multiple
 image
 outline
 outline
 plus
 remove
 upload
 food
 apple
 variant
 football
 australian
 helmet
 center
 justify
 left
 right
 bold
 clear
 fill
 center
 left
 none
 right
 1
 2
 3
 4
 5
 6
 decrease
 equal
 increase
 pound
 decrease
 increase
 italic
 spacing
 bulleted
 type
 numbers
 paint
 paragraph
 close
 size
 strikethrough
 variant
 subscript
 superscript
 text
 r
 l
 underline
 inline
 square
 tight
 bottom
 forum
 forward
 foursquare
 fridge
 filled
 bottom
 top
 fullscreen
 exit
 function
 gamepad
 variant
 station
 gate
 gauge
 gavel
 female
 male
 female
 transgender
 ghost
 gift
 git
 box
 circle
 flute
 mug
 stange
 tulip
 glassdoor
 glasses
 gmail
 gnome
 google
 cardboard
 chrome
 circles
 communities
 extended
 group
 controller
 off
 drive
 earth
 glass
 nearby
 pages
 web
 play
 plus
 box
 translate
 wallet
 grid
 off
 group
 electric
 pick
 outline
 right
 hanger
 hangouts
 harddisk
 headphones
 box
 settings
 headset
 dock
 off
 heart
 box
 outline
 broken
 outline
 help
 circle
 hexagon
 outline
 history
 hololens
 home
 modern
 variant
 hops
 hospital
 building
 marker
 hotel
 houzz
 box
 human
 child
 female
 image
 album
 area
 close
 broken
 variant
 filter
 white
 focus
 weak
 drama
 frames
 hdr
 none
 shift
 vintage
 multiple
 import
 down
 information
 outline
 instagram
 instapaper
 explorer
 colors
 jeepney
 jira
 jsfiddle
 keg
 key
 change
 minus
 plus
 remove
 variant
 keyboard
 backspace
 caps
 close
 off
 return
 tab
 variant
 kodi
 label
 outline
 lan
 connect
 disconnect
 pending
 csharp
 css3
 html5
 javascript
 php
 python
 text
 laptop
 chromebook
 mac
 windows
 lastfm
 launch
 layers
 off
 leaf
 off
 on
 outline
 off
 on
 outline
 library
 books
 music
 plus
 lightbulb
 outline
 link
 off
 variant
 off
 linkedin
 box
 linux
 lock
 open
 outline
 outline
 login
 logout
 looks
 loupe
 lumx
 magnet
 on
 magnify
 minus
 plus
 ru
 map
 marker
 circle
 multiple
 off
 radius
 margin
 markdown
 check
 martini
 ui
 compass
 maxcdn
 medium
 memory
 menu
 down
 left
 right
 up
 message
 alert
 draw
 image
 outline
 processing
 reply
 text
 text
 outline
 video
 microphone
 off
 outline
 settings
 variant
 off
 microsoft
 minecraft
 minus
 box
 circle
 outline
 network
 monitor
 multiple
 more
 motorbike
 mouse
 off
 variant
 off
 movie
 multiplication
 box
 box
 outline
 circle
 note
 eighth
 half
 off
 quarter
 sixteenth
 whole
 nature
 people
 navigation
 needle
 protect
 thermostat
 box
 newspaper
 nfc
 tap
 variant
 nodejs
 note
 outline
 plus
 outline
 text
 all
 numeric
 box
 outline
 outline
 box
 outline
 outline
 box
 outline
 outline
 box
 outline
 outline
 box
 outline
 outline
 box
 outline
 outline
 box
 outline
 outline
 box
 outline
 outline
 box
 outline
 outline
 box
 outline
 outline
 box
 outline
 outline
 nutrition
 octagon
 outline
 odnoklassniki
 office
 oil
 temperature
 omega
 onedrive
 app
 new
 openid
 opera
 ornament
 variant
 up
 owl
 package
 down
 up
 variant
 closed
 palette
 advanced
 panda
 pandora
 panorama
 fisheye
 horizontal
 vertical
 angle
 vertical
 paperclip
 parking
 pause
 circle
 outline
 octagon
 outline
 paw
 pen
 pencil
 box
 outline
 lock
 off
 percent
 pharmacy
 phone
 bluetooth
 forward
 hangup
 talk
 incoming
 locked
 log
 missed
 outgoing
 paused
 settings
 voip
 pi
 box
豈 pig
更 pill
車 pin
賈 off
滑 tree
串 box
句 pinterest
龜 box
龜 pizza
契 play
金 outline
喇 circle
奈 outline
懶 pause
癩 content
羅 minus
蘿 play
螺 plus
裸 remove
邏 playstation
樂 plus
洛 box
烙 circle
珞 outline
落 outline
酪 network
駱 one
亂 pocket
卵 pokeball
欄 polaroid
爛 poll
蘭 box
鸞 polymer
嵐 popcorn
濫 pound
藍 box
襤 power
拉 settings
臘 socket
蠟 presentation
廊 play
朗 printer
浪 3d
狼 alert
郎 hexagon
來 projector
冷 screen
勞 pulse
擄 puzzle
櫓 qrcode
爐 scan
盧 quadcopter
老 high
蘆 quicktime
虜 radar
路 radiator
露 radio
魯 handheld
鷺 tower
碌 radioactive
祿 blank
綠 marked
菉 raspberrypi
錄 end
鹿 arrow
論 start
壟 arrow
弄 end
籠 vertex
聾 lastpass
牢 read
磊 tv
賂 receipt
雷 record
壘 rec
屢 recycle
樓 reddit
淚 redo
漏 variant
累 refresh
縷 regex
陋 scale
勒 reload
肋 remote
凜 box
凌 repeat
稜 off
綾 once
菱 replay
陵 reply
讀 all
拏 reproduction
樂 right
諾 responsive
丹 rewind
寧 ribbon
怒 road
率 variant
異 rocket
北 3d
磻 left
便 variant
復 right
不 variant
泌 wireless
數 routes
索 rss
參 box
塞 ruler
省 fast
葉 sale
說 satellite
殺 variant
辰 scale
沈 bathroom
拾 school
若 rotation
掠 lock
略 screwdriver
亮 script
兩 sd
凉 seal
梁 flat
糧 angled
良 suite
諒 extra
量 normal
勵 reduced
呂 extra
女 normal
廬 security
旅 network
濾 select
礪 all
閭 inverse
驪 off
麗 selection
黎 send
力 server
曆 minus
歷 network
轢 off
年 off
憐 plus
戀 remove
撚 security
漣 settings
煉 box
璉 plus
秊 share
練 variant
聯 shield
輦 outline
蓮 shopping
連 music
鍊 shredder
列 shuffle
劣 disabled
咽 variant
烈 sigma
裂 caution
說 signal
廉 silverware
念 fork
捻 spoon
殮 variant
簾 sim
獵 alert
令 off
囹 sitemap
寧 backward
嶺 forward
怜 next
玲 previous
瑩 skype
羚 business
聆 slack
鈴 sleep
零 off
靈 smoking
領 off
例 snapchat
禮 snowman
醴 soccer
隸 sofa
惡 sort
了 alphabetical
僚 ascending
寮 descending
尿 numeric
料 variant
樂 soundcloud
燎 fork
療 pull
蓼 speaker
遼 off
龍 speedometer
暈 spellcheck
阮 spotify
劉 spotlight
杻 beam
柳 inc
流 cash
溜 overflow
琉 stairs
留 star
硫 circle
紐 half
類 off
六 outline
戮 steam
陸 steering
倫 backward
崙 2
淪 forward
輪 2
律 stethoscope
慄 stocking
栗 stop
率 store
隆 hour
利 stove
吏 variant
履 sunglasses
易 horizontal
李 vertical
梨 swim
泥 switch
理 sword
痢 sync
罹 alert
裏 off
裡 tab
里 unselected
離 table
匿 after
溺 before
吝 remove
燐 width
璘 edit
藺 large
隣 height
鱗 after
麟 before
林 remove
淋 tablet
臨 android
立 ipad
笠 tag
粒 faces
狀 multiple
炙 outline
識 outline
什 target
茶 taxi
刺 teamviewer
切 telegram
度 television
拓 guide
糖 celsius
宅 fahrenheit
洞 kelvin
暴 tennis
輻 tent
行 terrain
降 speech
見 off
廓 texture
兀 theater
嗀 dark
﨎 thermometer
﨏 lines
塚 down
﨑 outline
晴 up
﨓 outline
﨔 down
凞 ticket
猪 account
益 confirmation
礼 tie
神 timelapse
祥 timer
福 10
靖 3
精 off
羽 sand
﨟 timetable
蘒 switch
﨡 off
諸 tooltip
﨣 edit
﨤 image
逸 outline
都 plus
﨧 text
﨨 tooth
﨩 tor
飯 light
飼 train
館 tram
鶴 transcribe
郞 close
隷 transfer
侮 tree
僧 trello
免 down
勉 neutral
勤 up
卑 triangle
喝 outline
嘆 trophy
器 award
塀 outline
墨 variant
層 outline
屮 truck
悔 delivery
慨 crew
憎 v
懲 tumblr
敏 reblog
既 twitch
暑 twitter
梅 box
海 circle
渚 retweet
漢 ubuntu
煮 umbraco
爫 umbrella
琢 outline
碑 undo
社 variant
祉 horizontal
祈 horizontal
祐 ungroup
祖 untappd
祝 upload
禍 usb
禎 above
穀 below
突 circle
節 variant
練 combine
縉 curve
繁 difference
署 ab
者 ba
臭 intersection
艹 line
艹 point
著 polygon
褐 polyline
視 selection
謁 triangle
謹 union
賓 verified
贈 vibrate
辶 video
逸 off
難 switch
響 agenda
頻 array
恵 carousel
𤋮 column
舘 dashboard
﩮 day
﩯 grid
並 headline
况 list
全 module
侀 quilt
充 stream
冀 week
勇 vimeo
勺 venmo
喝 vk
啕 box
喙 circle
嗢 vlc
塚 voicemail
墳 high
奄 low
奔 medium
婢 off
嬨 vpn
廒 walk
廙 wallet
彩 giftcard
徭 membership
惘 travel
慎 wan
愈 watch
憎 export
慠 import
懲 water
戴 off
揄 percent
搜 pump
摒 cloudy
敖 fog
晴 hail
朗 lightning
望 night
杖 partlycloudy
歹 pouring
殺 rainy
流 snowy
滛 sunny
滋 sunset
漢 down
瀞 up
煮 windy
瞧 variant
爵 web
犯 webcam
猪 weight
瑱 kilogram
甆 whatsapp
画 accessibility
瘝 auto
瘟 incandescent
益 iridescent
盛 sunny
直 wifi
睊 off
着 wii
磌 wikipedia
窱 close
節 closed
类 maximize
絛 minimize
練 open
缾 restore
者 windows
荒 wordpress
華 worker
蝹 wrap
襁 wrench
覆 wunderlist
視 xbox
調 controller
諸 off
請 xda
謁 xing
諾 box
諭 circle
謹 xml
變 yeast
贈 yelp
輸 play
遲 box
醙 sound
鉶 rectangle
陼 check
難 style
靖 weight
韛 translate
響 voice
頋 opacity
頻 me
鬒 alert
龜 pregnant
𢡊 sticker
𢡄 balance
𣏕 details
㮝 minus
䀘 landing
䀹 takeoff
𥉉 outline
𥳐 altimeter
𧻓 animation
齃 minus
龎 variant
﫚 plus
﫛 boombox
﫜 bullseye
﫝 remove
﫞 off
﫟 circle
﫠 outline
﫡 candle
﫢 bubble
﫣 off
﫤 off
﫥 copyright
﫦 text
﫧 forever
﫨 sweep
﫩 d20
﫪 d4
﫫 d6
﫬 d8
﫭 disk
﫮 outline
﫯 variant
﫰 station
﫱 drink
﫲 off
﫳 title
﫴 maps
﫵 pulse
﫶 highway
﫷 marker
﫸 incognito
﫹 kettle
﫺 plus
﫻 variant
﫼 variant
﫽 bluetooth
﫾 off
﫿 first
ﬀ last
ﬁ classic
ﬂ high
ﬃ low
ﬄ qqchat
ﬅ pool
ﬆ corner
﬇ rowing
﬈ saxophone
﬉ variant
﬊ stackexchange
﬋ left
﬌ right
﬍ textbox
﬎ violin
﬏ visualstudio
﬐ wechat
﬑ watermark
﬒ hidden
ﬓ application
ﬔ collapse
ﬕ expand
ﬖ bowl
ﬗ bridge
﬘ buffer
﬙ chip
﬚ settings
﬛ dialpad
﬜ dictionary
יִ center
ﬞ left
ײַ right
ﬠ bottom
ﬡ center
ﬢ top
ﬣ hackernews
ﬤ outline
ﬥ json
ﬦ lambda
ﬧ matrix
ﬨ meteor
﬩ mixcloud
שׁ lower
שׂ branch
שּׁ merge
שּׂ tune
אַ webhook
אָ settings
אּ variant
בּ caps
גּ command
דּ control
הּ option
וּ shift
זּ shadow
﬷ cards
טּ outline
יּ outline
ךּ circle
כּ outline
לּ circle
﬽ outline
מּ sync
﬿ collage
נּ fork
סּ variant
﭂ face
ףּ profile
פּ tree
﭅ plus
צּ cylinder
קּ pencil
רּ female
שּ greeting
תּ handsdown
וֹ handsup
בֿ male
כֿ variant
פֿ pencil
ﭏ minus
ﭐ plus
ﭑ marker
ﭒ plus
ﭓ microscope
ﭔ resize
ﭕ variant
ﭖ off
ﭗ minus
ﭘ plus
ﭙ pot
ﭚ mix
ﭛ port
ﭜ plus
ﭝ plus
ﭞ plus
ﭟ plus
ﭠ circle
ﭡ outline
ﭢ circle
ﭣ outline
ﭤ spray
ﭥ circle
ﭦ outline
ﭧ tube
ﭨ shadow
ﭩ vertical
ﭪ off
ﭫ gantt
ﭬ hexbin
ﭭ timeline
ﭮ discord
ﭯ restore
ﭰ c
ﭱ cpp
ﭲ xaml
ﭳ bandcamp
ﭴ plus
ﭵ itunes
ﭶ tie
ﭷ range
ﭸ off
ﭹ eye
ﭺ oar
ﭻ piano
ﭼ rainy
ﭽ rainy
ﭾ yang
ﭿ beach
ﮀ fire
ﮁ circle
ﮂ dna
ﮃ hamburger
ﮄ gondola
ﮅ inbox
ﮆ horizontal
ﮇ vertical
ﮈ home
ﮉ heart
ﮊ skull
ﮋ solid
ﮌ snooze
ﮍ buggy
ﮎ beaker
ﮏ bomb
ﮐ question
ﮑ burst
ﮒ check
ﮓ coins
ﮔ rotate
ﮕ board
ﮖ disturb
ﮗ off
ﮘ douban
ﮙ dead
ﮚ excited
ﮛ star
ﮜ text
ﮝ section
ﮞ gradient
ﮟ outline
ﮠ bulleted
ﮡ off
ﮢ nuke
ﮣ plug
ﮤ off
ﮥ publish
ﮦ restore
ﮧ robot
ﮨ 90
ﮩ scanner
ﮪ subway
ﮫ empty
ﮬ transfer
ﮭ unity
ﮮ update
ﮯ vibrate
ﮰ angular
ﮱ dolby
﮲ emby
﮳ lamp
﮴ outline
﮵ outline
﮶ multiple
﮷ outline
﮸ plex
﮹ shield
﮺ edit
﮻ decagram
﮼ inclusive
﮽ angularjs
﮾ box
﮿ box
﯀ box
﯁ box
﯂ asterisk
﯃ off
﯄ bootstrap
﯅ variant
﯆ flow
﯇ outline
﯈ outline
﯉ contacts
﯊ empty
﯋ box
﯌ off
﯍ alert
﯎ outline
﯏ outline
﯐ outline
﯑ feather
﯒ replace
ﯓ outline
ﯔ font
ﯕ break
ﯖ pilcrow
ﯗ garage
ﯘ open
ﯙ face
ﯚ keep
ﯛ photos
ﯜ full
ﯝ half
ﯞ outline
ﯟ multiple
ﯠ hook
ﯡ off
ﯢ infinity
ﯣ swift
ﯤ typescript
ﯥ off
ﯦ on
ﯧ outline
ﯨ pattern
ﯩ loop
ﯪ outline
ﯫ outline
ﯬ mailbox
ﯭ bag
ﯮ settings
ﯯ variant
ﯰ outline
ﯱ network
ﯲ network
ﯳ network
ﯴ network
ﯵ npm
ﯶ nut
ﯷ octagram
ﯸ body
ﯹ footer
ﯺ header
ﯻ left
ﯼ right
ﯽ circle
ﯾ pentagon
ﯿ outline
ﰀ pillar
ﰁ pistol
ﰂ outline
ﰃ outline
ﰄ prescription
ﰅ settings
ﰆ react
ﰇ restart
ﰈ outline
ﰉ rhombus
ﰊ outline
ﰋ roomba
ﰌ run
ﰍ web
ﰎ shovel
ﰏ off
ﰐ 2g
ﰑ 3g
ﰒ 4g
ﰓ hspa
ﰔ plus
ﰕ snowflake
ﰖ commit
ﰗ end
ﰘ local
ﰙ local
ﰚ local
ﰛ start
ﰜ local
ﰝ wireless
ﰞ stadium
ﰟ svg
ﰠ plus
ﰡ remove
ﰢ percent
ﰣ tilde
ﰤ chest
ﰥ trailer
ﰦ parallel
ﰧ sequential
ﰨ machine
ﰩ webpack
ﰪ widgets
ﰫ wiiu
ﰬ bold
ﰭ box
ﰮ outline
ﰯ bold
ﰰ box
ﰱ outline
ﰲ bold
ﰳ box
ﰴ outline
ﰵ bold
ﰶ box
ﰷ outline
ﰸ cancel
ﰹ account
ﰺ tap
ﰻ down
ﰼ left
ﰽ right
ﰾ up
ﰿ tap
ﱀ tap
ﱁ tap
ﱂ bundle
ﱃ kickstarter
ﱄ netflix
ﱅ onenote
ﱆ periscope
ﱇ uber
ﱈ radius
ﱉ alert
ﱊ empty
ﱋ full
ﱌ low
ﱍ medium
ﱎ unknown
ﱏ plus
ﱐ plus
ﱑ bottom
ﱒ middle
ﱓ top
ﱔ checks
ﱕ open
ﱖ large
ﱗ off
ﱘ music
ﱙ off
ﱚ plus
ﱛ plus
ﱜ minus
ﱝ mute
ﱞ vertical
ﱟ vertical
ﱠ taco
ﱡ outline
ﱢ square
ﱣ circle
ﱤ outline
ﱥ octagram
ﱦ atom
ﱧ light
ﱨ stacked
ﱩ stacked
ﱪ decagram
ﱫ outline
ﱬ multiple
ﱭ d10
ﱮ open
ﱯ acoustic
ﱰ loading
ﱱ reset
ﱲ ninja
ﱳ outline
ﱴ outline
ﱵ off
ﱶ all
ﱷ center
ﱸ right
ﱹ left
ﱺ center
ﱻ right
ﱼ none
ﱽ right
ﱾ full
ﱿ direction
ﲀ text
ﲁ off
ﲂ root
ﲃ emoji
ﲄ summit
ﲅ cross
ﲆ fast
ﲇ yammer
ﲈ off
ﲉ box
ﲊ full
ﲋ waves
ﲌ bell
ﲍ light
ﲎ head
ﲏ approval
ﲐ down
ﲑ left
ﲒ right
ﲓ up
ﲔ down
ﲕ left
ﲖ right
ﲗ up
ﲘ secure
ﲙ unsecure
ﲚ end
ﲛ front
ﲜ decker
ﲝ school
ﲞ side
ﲟ gopro
ﲠ center
ﲡ matrix
ﲢ partial
ﲣ spot
ﲤ cannabis
ﲥ convertible
ﲦ estate
ﲧ hatchback
ﲨ pickup
ﲩ side
ﲪ sports
ﲫ caravan
ﲬ cctv
ﲭ donut
ﲮ variant
ﲯ variant
ﲰ hot
ﲱ medium
ﲲ mild
ﲳ braces
ﲴ tags
ﲵ line
ﲶ corn
ﲷ chf
ﲸ cny
ﲹ eth
ﲺ jpy
ﲻ krw
ﲼ sign
ﲽ twd
ﲾ classic
ﲿ switch
ﳀ donkey
ﳁ circle
ﳂ circle
ﳃ hearing
ﳄ elephant
ﳅ eventbrite
ﳆ croissant
ﳇ forklift
ﳈ fuel
ﳉ gesture
ﳊ analytics
ﳋ assistant
ﳌ off
ﳍ definition
ﳎ assistant
ﳏ automation
ﳐ circle
ﳑ go
ﳒ r
ﳓ lamp
ﳔ strip
ﳕ locker
ﳖ multiple
ﳗ outline
ﳘ metronome
ﳙ tick
ﳚ sd
ﳛ mixer
ﳜ roll
ﳝ mushroom
ﳞ outline
ﳟ switch
ﳠ null
ﳡ passport
ﳢ co2
ﳣ pipe
ﳤ disconnected
ﳥ eu
ﳦ uk
ﳧ us
ﳨ rice
ﳩ ring
ﳪ sass
ﳫ secure
ﳬ sauce
ﳭ definition
ﳮ 0
ﳯ 1
ﳰ 1
ﳱ 1
ﳲ classic
ﳳ password
ﳴ bubble
ﳵ outline
ﳶ trackpad
ﳷ definition
ﳸ passenger
ﳹ utility
ﳺ vanish
ﳻ 3d
ﳼ wall
ﳽ xmpp
ﳾ outline
ﳿ outline
ﴀ allo
ﴁ artist
ﴂ atlassian
ﴃ azure
ﴄ basketball
ﴅ wireless
ﴆ 10
ﴇ 20
ﴈ 30
ﴉ 40
ﴊ 50
ﴋ 60
ﴌ 70
ﴍ 80
ﴎ 90
ﴏ alert
ﴐ outline
ﴑ bitcoin
ﴒ outline
ﴓ wireless
ﴔ clover
ﴕ question
ﴖ outline
ﴗ restore
ﴘ door
ﴙ closed
ﴚ open
ﴛ off
ﴜ percent
ﴝ finance
ﴞ circle
ﴟ plan
ﴠ outline
ﴡ golf
ﴢ home
ﴣ mask
ﴤ account
ﴥ heart
ﴦ tub
ﴧ hulu
ﴨ cream
ﴩ off
ﴪ karate
ﴫ ladybug
ﴬ notebook
ﴭ return
ﴮ chip
ﴯ shape
ﴰ outline
ﴱ wheel
ﴲ field
ﴳ column
ﴴ contents
ﴵ row
ﴶ settings
ﴷ box
ﴸ off
ﴹ off
ﴺ towing
ﴻ multiple
ﴼ box
ﴽ antenna
﴾ component
﴿ hdmi
﵀ svideo
﵁ variant
﵂ vuejs
﵃ xamarin
﵄ outline
﵅ studio
﵆ gaming
♥ heart
⚡ zap
 bulb
 repo
 forked
 push
 pull
 book
 octoface
 request
 github
 download
 upload
 keyboard
 gist
 code
 text
 media
 zip
 pdf
 tag
 directory
 submodule
 person
 jersey
 commit
 branch
 merge
 mirror
 opened
 reopened
 closed
 star
 comment
 question
 alert
 search
 gear
 tower
 tools
 out
 rocket
 rss
 clippy
 in
 organization
 mobile
 unfold
 check
 mail
 read
 up
 right
 down
 left
 pin
 gift
 graph
 left
 card
 clock
 ruby
 broadcast
 key
 push
 clone
 diff
 eye
 discussion
 reply
 dot
 square
 camera
 video
 pencil
 info
 right
 down
 link
 plus
 bars
 code
 location
 unordered
 ordered
 quote
 versions
 calendar
 lock
 added
 removed
 modified
 renamed
 rule
 right
 milestone
 checklist
 megaphone
 right
 bookmark
 settings
 dashboard
 history
 external
 mute
 x
 slash
 pulse
 sync
 telescope
 secret
 home
 stop
 bug
 github
 binary
 database
 server
 ignored
 ellipsis
 newline
 hubot
 up
 down
 left
 up
 down
 left
 up
 compare
 gist
 file
 directory
 squirrel
 globe
 unmute
 mention
 package
 browser
 terminal
 markdown
 dash
 fold
 inbox
 trashcan
 paintcan
 flame
 briefcase
 plug
 board
 board
 law
 thumbsup
 thumbsdown
 download
 beaker
 bell
 watch
 shield
 bold
 size
 italic
 tasklist
 verified
 smiley
 unverified
 ellipses
 file
 grabber
 small
 reply
 desktop
 branch
 number
 hostname
 number
 divider
 divider
 divider
 divider
 thick
 thin
 thick
 thin
 triangle
 separator
 triangle
 separator
 triangle
 redundant
 triangle
 redundant
 thick
 thin
 mirrored
 mirrored
 small
 mirrored
 big
 mirrored
 waveform
 mirrored
 honeycomb
 outline
 separator
 thin
 facing
 sideways
 bottom
 mirrored
 code
 done
 estimated
 ticking
 squashed
 pause
 pause
 away
 programming
 interruption
 interruption
 npm
 git
 config
 github
 open
 folder
 stylus
 project
 arrow
 sass
 rails
 ruby
 python
 heroku
 php
 markdown
 license
 json
 javascript
 image
 html
 mustache
 gulp
 grunt
 default
 folder
 css
 config
 npm
 home
 ejs
 xml
 bower
 coffee
 twig
 cpp
 c
 haskell
 lua
 line
 karma
 favicon
 julia
 react
 go
 go
 typescript
 msdos
 windows
 vim
 elm
 elixir
 electron
 crystal
 gusts
 windy
 cloudy
 fog
 hail
 lightning
 mix
 wind
 rain
 showers
 snow
 sprinkle
 overcast
 sunny
 showers
 thunderstorm
 gusts
 windy
 cloudy
 fog
 hail
 lightning
 mix
 wind
 rain
 showers
 snow
 sprinkle
 showers
 thunderstorm
 windy
 gusts
 windy
 hail
 lightning
 mix
 wind
 rain
 mix
 snow
 sprinkle
 showers
 thunderstorm
 clear
 gusts
 windy
 cloudy
 hail
 lightning
 mix
 wind
 rain
 showers
 snow
 sprinkle
 showers
 thunderstorm
 celsius
 down
 refresh
 up
 cloud
 degrees
 left
 down
 fahrenheit
 alt
 horizon
 left
 aliens
 fog
 alt
 refresh
 right
 raindrops
 wind
 sunrise
 sunset
 exterior
 internal
 thermometer
 tornado
 right
 up
 west
 west
 east
 south
 west
 east
 north
 east
 smoke
 dust
 wind
 wind
 wind
 wind
 storm
 storm
 storm
 thunderstorm
 thunderstorm
 thunderstorm
 eclipse
 eclipse
 meteor
 hot
 hurricane
 smog
 alien
 cold
 stars
 raindrop
 barometer
 humidity
 na
 flood
 high
 high
 high
 cloudy
 sandstorm
 cloudy
 umbrella
 windy
 cloudy
 left
 right
 12
 1
 2
 3
 4
 5
 6
 7
 8
 9
 10
 11
 new
 1
 2
 3
 4
 5
 6
 quarter
 1
 2
 3
 4
 5
 6
 full
 1
 2
 3
 4
 5
 6
 quarter
 1
 2
 3
 4
 5
 6
 direction
 sleet
 sleet
 sleet
 sleet
 haze
 0
 1
 2
 3
 4
 5
 6
 7
 8
 9
 10
 11
 12
 wind
 tsunami
 earthquake
 fire
 volcano
 moonrise
 moonset
 train
 advisory
 warning
 warning
 warning
 1
 2
 3
 4
 5
 6
 quarter
 1
 2
 3
 4
 5
 6
 full
 1
 2
 3
 4
 5
 6
 quarter
 1
 2
 3
 4
 5
 6
 new
